[  142.4s] musique: 문단 11,656 엣지 13,610
[  176.0s] musique R1: 캐시 사용 (1000)
[  176.0s] musique R2: 생성 (0/1000부터)
    100/1000  3.4분
    200/1000  6.7분
    300/1000  9.9분
    400/1000  13.1분
    500/1000  16.3분
    600/1000  19.4분
    700/1000  22.6분
    800/1000  25.8분
    900/1000  29.1분
    1000/1000  32.3분
           Hub 업로드 완료
           R1 NONE 3  R2 건너뜀 3  R2 NONE 3
[ 2154.1s] 2wiki: 문단 6,119 엣지 2,743
[ 2172.3s] 2wiki R1: 캐시 사용 (1000)
[ 2172.4s] 2wiki R2: 생성 (0/1000부터)
    100/1000  3.0분
    200/1000  6.1분
    300/1000  9.3분
    400/1000  12.3분
    500/1000  15.4분
    600/1000  18.5분
    700/1000  21.5분
    800/1000  24.5분
    900/1000  27.6분
    1000/1000  30.8분
           Hub 업로드 완료
           R1 NONE 1  R2 건너뜀 1  R2 NONE 2
[ 4143.7s] hotpotqa: 문단 9,811 엣지 5,958
[ 4172.8s] hotpotqa R1: 캐시 사용 (1000)
[ 4172.8s] hotpotqa R2: 생성 (0/1000부터)
    100/1000  3.3분
    200/1000  6.6분
    300/1000  9.6분
    400/1000  12.8분
    500/1000  15.9분
    600/1000  19.8분
    700/1000  22.9분
    800/1000  46.2분
    900/1000  71.7분
    1000/1000  74.9분
           Hub 업로드 완료
           R1 NONE 0  R2 건너뜀 0  R2 NONE 0

==============================================================================
안전장치 — (5,0,0)이 E1 GB 기록값을 재현하는가
==============================================================================
  musique       72.98  기록 72.98
  2wiki         93.50  기록 93.5
  hotpotqa      96.15  기록 96.15

==============================================================================
dev(짝수 500) — 세 데이터셋 공통 설정
==============================================================================
         배분   musique     2wiki  hotpotqa       평균
  (5, 0, 0)     73.00     94.30     96.40    87.90
  (4, 1, 0)     73.62     95.10     96.80    88.51
  (3, 2, 0)     71.22     94.15     95.60    86.99
  (3, 1, 1)     71.92     95.40     95.60    87.64
  (2, 2, 1)     68.52     93.95     95.50    85.99

  dev 선택: (4, 1, 0)
  **핵심 비교** (3,2,0) 86.99 vs (3,1,1) 87.64  → 라운드2 순효과 +0.65

==============================================================================
test(홀수 500) — 배분 전부를 찍는다
==============================================================================
         배분   musique     2wiki  hotpotqa       평균      기준대비
  (5, 0, 0)     72.97     92.70     95.90    87.19     +0.00
  (4, 1, 0)     75.40     94.75     95.90    88.68     +1.49  ← dev 선택
  (3, 2, 0)     73.88     93.40     94.90    87.39     +0.21
  (3, 1, 1)     74.95     93.85     95.90    88.23     +1.04
  (2, 2, 1)     72.12     92.65     94.40    86.39     -0.80

==============================================================================
규칙 A — 세 데이터셋 전부에서 -0.3%p 넘게 떨어지면 기각
==============================================================================
                  기준      선택       차이     회수     손실   Hippo2  PropRAG
  musique      72.97   75.40    +2.43     55     33     74.7     78.3
  2wiki        92.70   94.75    +2.05     41     17     90.4     94.1
  hotpotqa     95.90   95.90    +0.00     10     10     96.3     97.4

  규칙 A: **통과**

==============================================================================
전체 1000 기준 — (4, 1, 0)
==============================================================================
                  1홉만       선택       차이   Hippo2  PropRAG
  musique       72.98    74.51    +1.53     74.7     78.3
  2wiki         93.50    94.92    +1.42     90.4     94.1
  hotpotqa      96.15    96.35    +0.20     96.3     97.4
  평균            87.54    88.59    +1.05     87.1     89.9

==============================================================================
MuSiQue 홉 수별 — 라운드 2가 3~4홉을 뚫었는가 (§21 대조)
==============================================================================
     정답수     질문       기준   (4,1,0)       선택     R2효과     §21
       2    518    81.76     85.62    85.62    +0.00   +3.86
       3    316    72.26     71.62    71.62    +0.00   -0.63
       4    166    46.99     45.33    45.33    +0.00   -1.66
